Initialized native services in: /home/jules/.gradle/native
Initialized jansi services in: /home/jules/.gradle/native
Removing 0 daemon stop events from registry
Previous Daemon (1640) stopped at Sat Feb 28 11:07:43 UTC 2026 stop command received
Previous Daemon (2379) stopped at Sat Feb 28 11:10:37 UTC 2026 stop command received
Previous Daemon (3322) stopped at Sat Feb 28 11:12:12 UTC 2026 stop command received
Starting a Gradle Daemon, 3 stopped Daemons could not be reused, use --status for details
Starting process 'Gradle build daemon'. Working directory: /home/jules/.gradle/daemon/8.13 Command: /usr/lib/jvm/java-21-openjdk-amd64/bin/java --add-opens=java.base/java.lang=ALL-UNNAMED --add-opens=java.base/java.lang.invoke=ALL-UNNAMED --add-opens=java.base/java.util=ALL-UNNAMED --add-opens=java.prefs/java.util.prefs=ALL-UNNAMED --add-exports=jdk.compiler/com.sun.tools.javac.api=ALL-UNNAMED --add-exports=jdk.compiler/com.sun.tools.javac.util=ALL-UNNAMED --add-opens=java.base/java.util=ALL-UNNAMED --add-opens=java.prefs/java.util.prefs=ALL-UNNAMED --add-opens=java.base/java.nio.charset=ALL-UNNAMED --add-opens=java.base/java.net=ALL-UNNAMED --add-opens=java.base/java.util.concurrent.atomic=ALL-UNNAMED --add-opens=java.xml/javax.xml.namespace=ALL-UNNAMED -Xmx2048m -Dfile.encoding=UTF-8 -Duser.country -Duser.language=en -Duser.variant -cp /home/jules/.gradle/wrapper/dists/gradle-8.13-bin/5xuhj0ry160q40clulazy9h7d/gradle-8.13/lib/gradle-daemon-main-8.13.jar -javaagent:/home/jules/.gradle/wrapper/dists/gradle-8.13-bin/5xuhj0ry160q40clulazy9h7d/gradle-8.13/lib/agents/gradle-instrumentation-agent-8.13.jar org.gradle.launcher.daemon.bootstrap.GradleDaemon 8.13
Successfully started process 'Gradle build daemon'
An attempt to start the daemon took 1.308 secs.
The client will now receive all logging from the daemon (pid: 3930). The daemon log file: /home/jules/.gradle/daemon/8.13/daemon-3930.out.log
Starting build in new daemon [memory: 2 GiB]
Using 4 worker leases.
Received JVM installation metadata from '/usr/lib/jvm/java-21-openjdk-amd64': {JAVA_HOME=/usr/lib/jvm/java-21-openjdk-amd64, JAVA_VERSION=21.0.9, JAVA_VENDOR=Ubuntu, RUNTIME_NAME=OpenJDK Runtime Environment, RUNTIME_VERSION=21.0.9+10-Ubuntu-124.04, VM_NAME=OpenJDK 64-Bit Server VM, VM_VERSION=21.0.9+10-Ubuntu-124.04, VM_VENDOR=Ubuntu, OS_ARCH=amd64}
Watching the file system is configured to be enabled if available
Not watching /app since the file system is not supported
File system watching is active
Starting Build
Settings evaluated using settings file '/app/settings.gradle.kts'.
Projects loaded. Root project using build file '/app/build.gradle.kts'.
Included projects: [root project 'Novel Scraper', project ':app']

> Configure project :
Evaluating root project 'Novel Scraper' using build file '/app/build.gradle.kts'.
Resolved plugin [id: 'com.android.application', version: '8.13.0', apply: false]
Resolved plugin [id: 'org.jetbrains.kotlin.android', version: '2.1.0', apply: false]
Resolved plugin [id: 'org.jetbrains.kotlin.plugin.compose', version: '2.1.0', apply: false]
Resolved plugin [id: 'com.google.dagger.hilt.android', version: '2.54', apply: false]
Resolved plugin [id: 'com.google.devtools.ksp', version: '2.1.0-1.0.29', apply: false]
Resolved plugin [id: 'org.jetbrains.kotlin.plugin.serialization', version: '2.1.0', apply: false]

> Configure project :app
Evaluating project ':app' using build file '/app/app/build.gradle.kts'.
Resolved plugin [id: 'com.android.application', version: '8.13.0']
Resolved plugin [id: 'org.jetbrains.kotlin.android', version: '2.1.0']
Resolved plugin [id: 'org.jetbrains.kotlin.plugin.compose', version: '2.1.0']
Resolved plugin [id: 'com.google.dagger.hilt.android', version: '2.54']
Resolved plugin [id: 'com.google.devtools.ksp', version: '2.1.0-1.0.29']
Resolved plugin [id: 'org.jetbrains.kotlin.plugin.serialization', version: '2.1.0']
Using default execution profile
Using Kotlin Gradle Plugin gradle85 variant
Detected Android Gradle Plugin compose compiler configuration
Detected Android Gradle Plugin compose compiler configuration
Detected Android Gradle Plugin compose compiler configuration
Detected Android Gradle Plugin compose compiler configuration
Detected Android Gradle Plugin compose compiler configuration
All projects evaluated.
Task path ':app:testDebugUnitTest' matched project ':app'
Task name matched 'testDebugUnitTest'
Selected primary task 'testDebugUnitTest' from project :app
Adding -Xuse-inline-scopes-numbers Kotlin compiler flag for task :app:compileDebugKotlin
Tasks to be executed: [task ':app:preBuild', task ':app:preDebugBuild', task ':app:checkKotlinGradlePluginConfigurationErrors', task ':app:checkDebugAarMetadata', task ':app:processDebugNavigationResources', task ':app:compileDebugNavigationResources', task ':app:generateDebugResValues', task ':app:mapDebugSourceSetPaths', task ':app:generateDebugResources', task ':app:mergeDebugResources', task ':app:packageDebugResources', task ':app:parseDebugLocalResources', task ':app:createDebugCompatibleScreenManifests', task ':app:extractDeepLinksDebug', task ':app:processDebugMainManifest', task ':app:processDebugManifest', task ':app:processDebugManifestForPackage', task ':app:processDebugResources', task ':app:kspDebugKotlin', task ':app:compileDebugKotlin', task ':app:javaPreCompileDebug', task ':app:compileDebugJavaWithJavac', task ':app:hiltAggregateDepsDebug', task ':app:hiltJavaCompileDebug', task ':app:transformDebugClassesWithAsm', task ':app:bundleDebugClassesToRuntimeJar', task ':app:preDebugUnitTestBuild', task ':app:processDebugJavaRes', task ':app:bundleDebugClassesToCompileJar', task ':app:kspDebugUnitTestKotlin', task ':app:compileDebugUnitTestKotlin', task ':app:javaPreCompileDebugUnitTest', task ':app:compileDebugUnitTestJavaWithJavac', task ':app:hiltAggregateDepsDebugUnitTest', task ':app:hiltJavaCompileDebugUnitTest', task ':app:processDebugUnitTestJavaRes', task ':app:transformDebugUnitTestClassesWithAsm', task ':app:testDebugUnitTest']
Tasks that were excluded: []
work action Parameters of IdentityTransform (Thread[#58,Execution worker,5,main]) started.
work action Parameters of CopyTransform (Thread[#58,Execution worker,5,main]) started.
work action Parameters of AggregatedPackagesTransform (Thread[#58,Execution worker,5,main]) started.
Resolve mutations for :app:preBuild (Thread[#58,Execution worker,5,main]) started.
:app:preBuild (Thread[#58,Execution worker,5,main]) started.

> Task :app:preBuild UP-TO-DATE
Skipping task ':app:preBuild' as it has no actions.
Resolve mutations for :app:preDebugBuild (Thread[#58,Execution worker,5,main]) started.
:app:preDebugBuild (Thread[#58,Execution worker,5,main]) started.

> Task :app:preDebugBuild UP-TO-DATE
Skipping task ':app:preDebugBuild' as it has no actions.
Resolve mutations for :app:checkKotlinGradlePluginConfigurationErrors (Thread[#58,Execution worker,5,main]) started.
:app:checkKotlinGradlePluginConfigurationErrors (Thread[#58,Execution worker,5,main]) started.

> Task :app:checkKotlinGradlePluginConfigurationErrors SKIPPED
Skipping task ':app:checkKotlinGradlePluginConfigurationErrors' as task onlyIf 'errorDiagnostics are present' is false.
Resolve mutations for :app:checkDebugAarMetadata (Thread[#58,Execution worker,5,main]) started.
:app:checkDebugAarMetadata (Thread[#58,Execution worker,5,main]) started.

> Task :app:checkDebugAarMetadata UP-TO-DATE
Caching disabled for task ':app:checkDebugAarMetadata' because:
  Build cache is disabled
  Caching has been disabled for the task
Skipping task ':app:checkDebugAarMetadata' as it is up-to-date.
Resolve mutations for :app:processDebugNavigationResources (Thread[#58,Execution worker,5,main]) started.
:app:processDebugNavigationResources (Thread[#58,Execution worker,5,main]) started.

> Task :app:processDebugNavigationResources UP-TO-DATE
Caching disabled for task ':app:processDebugNavigationResources' because:
  Build cache is disabled
Skipping task ':app:processDebugNavigationResources' as it is up-to-date.
Resolve mutations for :app:compileDebugNavigationResources (Thread[#58,Execution worker,5,main]) started.
:app:compileDebugNavigationResources (Thread[#58,Execution worker,5,main]) started.

> Task :app:compileDebugNavigationResources UP-TO-DATE
Caching disabled for task ':app:compileDebugNavigationResources' because:
  Build cache is disabled
Skipping task ':app:compileDebugNavigationResources' as it is up-to-date.
Resolve mutations for :app:generateDebugResValues (Thread[#58,Execution worker,5,main]) started.
:app:generateDebugResValues (Thread[#58,Execution worker,5,main]) started.

> Task :app:generateDebugResValues UP-TO-DATE
Caching disabled for task ':app:generateDebugResValues' because:
  Build cache is disabled
Skipping task ':app:generateDebugResValues' as it is up-to-date.
Resolve mutations for :app:mapDebugSourceSetPaths (Thread[#58,Execution worker,5,main]) started.
:app:mapDebugSourceSetPaths (Thread[#58,Execution worker,5,main]) started.

> Task :app:mapDebugSourceSetPaths UP-TO-DATE
Caching disabled for task ':app:mapDebugSourceSetPaths' because:
  Build cache is disabled
  Caching has been disabled for the task
Skipping task ':app:mapDebugSourceSetPaths' as it is up-to-date.
Resolve mutations for :app:generateDebugResources (Thread[#58,Execution worker,5,main]) started.
:app:generateDebugResources (Thread[#58,Execution worker,5,main]) started.

> Task :app:generateDebugResources UP-TO-DATE
Caching disabled for task ':app:generateDebugResources' because:
  Build cache is disabled
Skipping task ':app:generateDebugResources' as it is up-to-date.
Resolve mutations for :app:mergeDebugResources (Thread[#58,Execution worker,5,main]) started.
:app:mergeDebugResources (Thread[#58,Execution worker,5,main]) started.

> Task :app:mergeDebugResources UP-TO-DATE
Caching disabled for task ':app:mergeDebugResources' because:
  Build cache is disabled
Skipping task ':app:mergeDebugResources' as it is up-to-date.
Resolve mutations for :app:packageDebugResources (Thread[#58,Execution worker,5,main]) started.
:app:packageDebugResources (Thread[#58,Execution worker,5,main]) started.

> Task :app:packageDebugResources UP-TO-DATE
Caching disabled for task ':app:packageDebugResources' because:
  Build cache is disabled
Skipping task ':app:packageDebugResources' as it is up-to-date.
Resolve mutations for :app:parseDebugLocalResources (Thread[#58,Execution worker,5,main]) started.
:app:parseDebugLocalResources (Thread[#58,Execution worker,5,main]) started.

> Task :app:parseDebugLocalResources UP-TO-DATE
Caching disabled for task ':app:parseDebugLocalResources' because:
  Build cache is disabled
Skipping task ':app:parseDebugLocalResources' as it is up-to-date.
Resolve mutations for :app:createDebugCompatibleScreenManifests (Thread[#60,Execution worker Thread 3,5,main]) started.
:app:createDebugCompatibleScreenManifests (Thread[#60,Execution worker Thread 3,5,main]) started.

> Task :app:createDebugCompatibleScreenManifests UP-TO-DATE
Caching disabled for task ':app:createDebugCompatibleScreenManifests' because:
  Build cache is disabled
  Caching has been disabled for the task
Skipping task ':app:createDebugCompatibleScreenManifests' as it is up-to-date.
Resolve mutations for :app:extractDeepLinksDebug (Thread[#60,Execution worker Thread 3,5,main]) started.
:app:extractDeepLinksDebug (Thread[#60,Execution worker Thread 3,5,main]) started.

> Task :app:extractDeepLinksDebug UP-TO-DATE
Caching disabled for task ':app:extractDeepLinksDebug' because:
  Build cache is disabled
Skipping task ':app:extractDeepLinksDebug' as it is up-to-date.
Resolve mutations for :app:processDebugMainManifest (Thread[#58,Execution worker,5,main]) started.
:app:processDebugMainManifest (Thread[#58,Execution worker,5,main]) started.

> Task :app:processDebugMainManifest UP-TO-DATE
Caching disabled for task ':app:processDebugMainManifest' because:
  Build cache is disabled
Skipping task ':app:processDebugMainManifest' as it is up-to-date.
Resolve mutations for :app:processDebugManifest (Thread[#58,Execution worker,5,main]) started.
:app:processDebugManifest (Thread[#58,Execution worker,5,main]) started.

> Task :app:processDebugManifest UP-TO-DATE
Caching disabled for task ':app:processDebugManifest' because:
  Build cache is disabled
Skipping task ':app:processDebugManifest' as it is up-to-date.
Resolve mutations for :app:processDebugManifestForPackage (Thread[#60,Execution worker Thread 3,5,main]) started.
:app:processDebugManifestForPackage (Thread[#60,Execution worker Thread 3,5,main]) started.

> Task :app:processDebugManifestForPackage UP-TO-DATE
Custom actions are attached to task ':app:processDebugManifestForPackage'.
Caching disabled for task ':app:processDebugManifestForPackage' because:
  Build cache is disabled
Skipping task ':app:processDebugManifestForPackage' as it is up-to-date.
Resolve mutations for :app:processDebugResources (Thread[#60,Execution worker Thread 3,5,main]) started.
:app:processDebugResources (Thread[#58,Execution worker,5,main]) started.

> Task :app:processDebugResources UP-TO-DATE
Caching disabled for task ':app:processDebugResources' because:
  Build cache is disabled
Skipping task ':app:processDebugResources' as it is up-to-date.
Resolve mutations for :app:kspDebugKotlin (Thread[#57,included builds,5,main]) started.
:app:kspDebugKotlin (Thread[#57,included builds,5,main]) started.

> Task :app:kspDebugKotlin UP-TO-DATE
file or directory '/app/app/src/debug/kotlin', not found
file or directory '/app/app/src/debug/java', not found
file or directory '/app/app/src/main/kotlin', not found
file or directory '/app/app/src/debug/java', not found
Adding -Xuse-inline-scopes-numbers Kotlin compiler flag for task :app:compileDebugAndroidTestKotlin
file or directory '/app/app/src/debug/kotlin', not found
file or directory '/app/app/src/debug/java', not found
file or directory '/app/app/src/main/kotlin', not found
file or directory '/app/app/src/debug/java', not found
Caching disabled for task ':app:kspDebugKotlin' because:
  Build cache is disabled
Skipping task ':app:kspDebugKotlin' as it is up-to-date.
Resolve mutations for :app:compileDebugKotlin (Thread[#57,included builds,5,main]) started.
:app:compileDebugKotlin (Thread[#57,included builds,5,main]) started.

> Task :app:compileDebugKotlin UP-TO-DATE
Caching disabled for task ':app:compileDebugKotlin' because:
  Build cache is disabled
Skipping task ':app:compileDebugKotlin' as it is up-to-date.
Resolve mutations for :app:javaPreCompileDebug (Thread[#57,included builds,5,main]) started.
:app:javaPreCompileDebug (Thread[#57,included builds,5,main]) started.

> Task :app:javaPreCompileDebug UP-TO-DATE
Caching disabled for task ':app:javaPreCompileDebug' because:
  Build cache is disabled
Skipping task ':app:javaPreCompileDebug' as it is up-to-date.
Resolve mutations for :app:compileDebugJavaWithJavac (Thread[#57,included builds,5,main]) started.
:app:compileDebugJavaWithJavac (Thread[#57,included builds,5,main]) started.

> Task :app:compileDebugJavaWithJavac UP-TO-DATE
file or directory '/app/app/build/generated/ksp/debug/classes', not found
file or directory '/app/app/build/generated/ksp/debug/classes', not found
Custom actions are attached to task ':app:compileDebugJavaWithJavac'.
Caching disabled for task ':app:compileDebugJavaWithJavac' because:
  Build cache is disabled
Skipping task ':app:compileDebugJavaWithJavac' as it is up-to-date.
No compile result for :app:compileDebugJavaWithJavac
Resolve mutations for :app:hiltAggregateDepsDebug (Thread[#57,included builds,5,main]) started.
:app:hiltAggregateDepsDebug (Thread[#57,included builds,5,main]) started.

> Task :app:hiltAggregateDepsDebug UP-TO-DATE
file or directory '/app/app/build/generated/ksp/debug/classes', not found
Caching disabled for task ':app:hiltAggregateDepsDebug' because:
  Build cache is disabled
Skipping task ':app:hiltAggregateDepsDebug' as it is up-to-date.
Resolve mutations for :app:hiltJavaCompileDebug (Thread[#57,included builds,5,main]) started.
:app:hiltJavaCompileDebug (Thread[#57,included builds,5,main]) started.

> Task :app:hiltJavaCompileDebug UP-TO-DATE
file or directory '/app/app/build/generated/ksp/debug/classes', not found
file or directory '/app/app/build/generated/ksp/debug/classes', not found
Caching disabled for task ':app:hiltJavaCompileDebug' because:
  Build cache is disabled
Skipping task ':app:hiltJavaCompileDebug' as it is up-to-date.
No compile result for :app:hiltJavaCompileDebug
Resolve mutations for :app:transformDebugClassesWithAsm (Thread[#57,included builds,5,main]) started.
:app:transformDebugClassesWithAsm (Thread[#57,included builds,5,main]) started.

> Task :app:transformDebugClassesWithAsm UP-TO-DATE
file or directory '/app/app/build/generated/ksp/debug/classes', not found
file or directory '/app/app/build/generated/ksp/debug/classes', not found
Caching disabled for task ':app:transformDebugClassesWithAsm' because:
  Build cache is disabled
Skipping task ':app:transformDebugClassesWithAsm' as it is up-to-date.
Resolve mutations for :app:bundleDebugClassesToRuntimeJar (Thread[#57,included builds,5,main]) started.
:app:bundleDebugClassesToRuntimeJar (Thread[#57,included builds,5,main]) started.

> Task :app:bundleDebugClassesToRuntimeJar UP-TO-DATE
Caching disabled for task ':app:bundleDebugClassesToRuntimeJar' because:
  Build cache is disabled
  Caching has been disabled for the task
Skipping task ':app:bundleDebugClassesToRuntimeJar' as it is up-to-date.
work action resolve classes.jar (project :app) (Thread[#57,included builds,5,main]) started.
Resolve mutations for :app:preDebugUnitTestBuild (Thread[#57,included builds,5,main]) started.
IdentityTransform (Thread[#60,Execution worker Thread 3,5,main]) started.
:app:preDebugUnitTestBuild (Thread[#57,included builds,5,main]) started.

> Task :app:preDebugUnitTestBuild UP-TO-DATE
Skipping task ':app:preDebugUnitTestBuild' as it has no actions.
Resolve mutations for :app:processDebugJavaRes (Thread[#57,included builds,5,main]) started.
:app:processDebugJavaRes (Thread[#57,included builds,5,main]) started.
CopyTransform (Thread[#60,Execution worker Thread 3,5,main]) started.
AggregatedPackagesTransform (Thread[#60,Execution worker Thread 3,5,main]) started.

> Task :app:processDebugJavaRes UP-TO-DATE
file or directory '/app/app/src/main/resources', not found
file or directory '/app/app/src/debug/resources', not found
file or directory '/app/app/build/generated/ksp/debug/classes', not found
file or directory '/app/app/build/generated/ksp/debug/classes', not found
file or directory '/app/app/src/main/resources', not found
file or directory '/app/app/src/debug/resources', not found
file or directory '/app/app/build/generated/ksp/debug/classes', not found
file or directory '/app/app/build/generated/ksp/debug/classes', not found
Caching disabled for task ':app:processDebugJavaRes' because:
  Build cache is disabled
  Caching has been disabled for the task
Skipping task ':app:processDebugJavaRes' as it is up-to-date.
work action resolve out (project :app) (Thread[#57,included builds,5,main]) started.
Resolve mutations for :app:bundleDebugClassesToCompileJar (Thread[#57,included builds,5,main]) started.
:app:bundleDebugClassesToCompileJar (Thread[#57,included builds,5,main]) started.

> Task :app:bundleDebugClassesToCompileJar UP-TO-DATE
Caching disabled for task ':app:bundleDebugClassesToCompileJar' because:
  Build cache is disabled
  Caching has been disabled for the task
Skipping task ':app:bundleDebugClassesToCompileJar' as it is up-to-date.
work action resolve classes.jar (project :app) (Thread[#57,included builds,5,main]) started.
Resolve mutations for :app:kspDebugUnitTestKotlin (Thread[#57,included builds,5,main]) started.
:app:kspDebugUnitTestKotlin (Thread[#57,included builds,5,main]) started.

> Task :app:kspDebugUnitTestKotlin UP-TO-DATE
file or directory '/app/app/src/debugUnitTest/kotlin', not found
file or directory '/app/app/src/test/kotlin', not found
file or directory '/app/app/src/testDebug/kotlin', not found
file or directory '/app/app/src/testDebug/java', not found
file or directory '/app/app/src/testDebug/java', not found
file or directory '/app/app/src/debugUnitTest/kotlin', not found
file or directory '/app/app/src/test/kotlin', not found
file or directory '/app/app/src/testDebug/kotlin', not found
file or directory '/app/app/src/testDebug/java', not found
file or directory '/app/app/src/testDebug/java', not found
Caching disabled for task ':app:kspDebugUnitTestKotlin' because:
  Build cache is disabled
Skipping task ':app:kspDebugUnitTestKotlin' as it is up-to-date.
Resolve mutations for :app:compileDebugUnitTestKotlin (Thread[#57,included builds,5,main]) started.
:app:compileDebugUnitTestKotlin (Thread[#57,included builds,5,main]) started.

> Task :app:compileDebugUnitTestKotlin UP-TO-DATE
Caching disabled for task ':app:compileDebugUnitTestKotlin' because:
  Build cache is disabled
Skipping task ':app:compileDebugUnitTestKotlin' as it is up-to-date.
Resolve mutations for :app:javaPreCompileDebugUnitTest (Thread[#57,included builds,5,main]) started.
:app:javaPreCompileDebugUnitTest (Thread[#57,included builds,5,main]) started.

> Task :app:javaPreCompileDebugUnitTest UP-TO-DATE
Caching disabled for task ':app:javaPreCompileDebugUnitTest' because:
  Build cache is disabled
Skipping task ':app:javaPreCompileDebugUnitTest' as it is up-to-date.
Resolve mutations for :app:compileDebugUnitTestJavaWithJavac (Thread[#57,included builds,5,main]) started.
:app:compileDebugUnitTestJavaWithJavac (Thread[#57,included builds,5,main]) started.

> Task :app:compileDebugUnitTestJavaWithJavac NO-SOURCE
Skipping task ':app:compileDebugUnitTestJavaWithJavac' as it has no source files and no previous output files.
Resolve mutations for :app:hiltAggregateDepsDebugUnitTest (Thread[#57,included builds,5,main]) started.
:app:hiltAggregateDepsDebugUnitTest (Thread[#57,included builds,5,main]) started.

> Task :app:hiltAggregateDepsDebugUnitTest UP-TO-DATE
file or directory '/app/app/build/generated/ksp/debugUnitTest/classes', not found
Caching disabled for task ':app:hiltAggregateDepsDebugUnitTest' because:
  Build cache is disabled
Skipping task ':app:hiltAggregateDepsDebugUnitTest' as it is up-to-date.
Resolve mutations for :app:hiltJavaCompileDebugUnitTest (Thread[#58,Execution worker,5,main]) started.
:app:hiltJavaCompileDebugUnitTest (Thread[#58,Execution worker,5,main]) started.

> Task :app:hiltJavaCompileDebugUnitTest NO-SOURCE
Skipping task ':app:hiltJavaCompileDebugUnitTest' as it has no source files and no previous output files.
Resolve mutations for :app:processDebugUnitTestJavaRes (Thread[#57,included builds,5,main]) started.
:app:processDebugUnitTestJavaRes (Thread[#60,Execution worker Thread 3,5,main]) started.

> Task :app:processDebugUnitTestJavaRes UP-TO-DATE
file or directory '/app/app/src/test/resources', not found
file or directory '/app/app/src/testDebug/resources', not found
file or directory '/app/app/build/generated/ksp/debugUnitTest/classes', not found
file or directory '/app/app/build/generated/ksp/debugUnitTest/classes', not found
file or directory '/app/app/src/test/resources', not found
file or directory '/app/app/src/testDebug/resources', not found
file or directory '/app/app/build/generated/ksp/debugUnitTest/classes', not found
file or directory '/app/app/build/generated/ksp/debugUnitTest/classes', not found
Caching disabled for task ':app:processDebugUnitTestJavaRes' because:
  Build cache is disabled
  Caching has been disabled for the task
Skipping task ':app:processDebugUnitTestJavaRes' as it is up-to-date.
Resolve mutations for :app:transformDebugUnitTestClassesWithAsm (Thread[#58,Execution worker,5,main]) started.
:app:transformDebugUnitTestClassesWithAsm (Thread[#58,Execution worker,5,main]) started.

> Task :app:transformDebugUnitTestClassesWithAsm UP-TO-DATE
file or directory '/app/app/build/generated/ksp/debugUnitTest/classes', not found
file or directory '/app/app/build/generated/ksp/debugUnitTest/classes', not found
Caching disabled for task ':app:transformDebugUnitTestClassesWithAsm' because:
  Build cache is disabled
Skipping task ':app:transformDebugUnitTestClassesWithAsm' as it is up-to-date.
Resolve mutations for :app:testDebugUnitTest (Thread[#58,Execution worker,5,main]) started.
:app:testDebugUnitTest (Thread[#58,Execution worker,5,main]) started.
Gradle Test Executor 1 started executing tests.
Gradle Test Executor 1 finished executing tests.

> Task :app:testDebugUnitTest
Caching disabled for task ':app:testDebugUnitTest' because:
  Build cache is disabled
Task ':app:testDebugUnitTest' is not up-to-date because:
  Value of input property 'filter.commandLineIncludePatterns' has changed for task ':app:testDebugUnitTest'
Starting process 'Gradle Test Executor 1'. Working directory: /app/app Command: /usr/lib/jvm/java-21-openjdk-amd64/bin/java -Djava.awt.headless=true -Djava.library.path=/usr/java/packages/lib:/usr/lib/x86_64-linux-gnu/jni:/lib/x86_64-linux-gnu:/usr/lib/x86_64-linux-gnu:/usr/lib/jni:/lib:/usr/lib:/app/app/src/testDebug/jniLibs:/app/app/src/test/jniLibs -Dorg.gradle.internal.worker.tmpdir=/app/app/build/tmp/testDebugUnitTest/work --add-opens=java.base/java.io=ALL-UNNAMED @/home/jules/.gradle/.tmp/gradle-worker-classpath16659483697925257459txt -Xmx512m -Dfile.encoding=UTF-8 -Duser.country -Duser.language=en -Duser.variant -ea worker.org.gradle.process.internal.worker.GradleWorkerMain 'Gradle Test Executor 1'
Successfully started process 'Gradle Test Executor 1'
Finished generating test XML results (0.006 secs) into: /app/app/build/test-results/testDebugUnitTest
Generating HTML test report...
Finished generating test html results (0.029 secs) into: /app/app/build/reports/tests/testDebugUnitTest

BUILD SUCCESSFUL in 18s
32 actionable tasks: 1 executed, 31 up-to-date
Some of the file system contents retained in the virtual file system are on file systems that Gradle doesn't support watching. The relevant state was discarded to ensure changes to these locations are properly detected. You can override this by explicitly enabling file system watching.
